duplicate vars